
> globalgate-app@2.3.16 build
> webpack --config webpack.prod.js

node.exe : Browserslist: browsers data (caniuse-lite) is 12 months old. Please run:
At line:1 char:1
+ & "C:\Program Files\nodejs/node.exe" "C:\Program Files\nodejs/node_mo ...
+ ~~~~~~~~~~~~~~~~~~~~~~~~~~~~~~~~~~~~~~~~~~~~~~~~~~~~~~~~~~~~~~~~~~~~~
    + CategoryInfo          : NotSpecified: (Browserslist: b...ld. Please run::String) [], RemoteException
    + FullyQualifiedErrorId : NativeCommandError
 
  npx update-browserslist-db@latest
  Why you should do it regularly: https://github.com/browserslist/update-db#readme
assets by status 7.6 MiB [1m[32m[cached][39m[22m 1 asset
orphan modules 21.1 MiB [1m[33m[orphan][39m[22m 13259 modules
runtime modules 2.18 KiB 7 modules
cacheable modules 14 MiB
  modules by path [1m./node_modules/[39m[22m 1.73 MiB 376 modules
  modules by path [1m./src/js/[39m[22m 12.3 MiB
    modules with warnings 113 KiB [1m[33m[warnings][39m[22m
      modules by path [1m./src/js/css/[39m[22m 28.6 KiB
        ./node_modules/css-loader/dist/cjs.js!./node_modules/sass-loader/dist/cjs.js![1m./src/js/css/Side.css[39m[22m 8.22 KiB [1m[33m[built][39m[22m [1m[33m[code generated][39m[22m [1m[33m[1 warning][39m[22m
        + 5 modules
      modules by path [1m./src/js/AdminView1/[39m[22m 84 KiB
        ./node_modules/css-loader/dist/cjs.js!./node_modules/sass-loader/dist/cjs.js![1m./src/js/AdminView1/view.css[39m[22m 33 KiB [1m[33m[built][39m[22m [1m[33m[code generated][39m[22m [1m[33m[1 warning][39m[22m
        ./node_modules/css-loader/dist/cjs.js!./node_modules/sass-loader/dist/cjs.js![1m./src/js/AdminView1/PageView/Chartview.css[39m[22m 45.9 KiB [1m[33m[built][39m[22m [1m[33m[code generated][39m[22m [1m[33m[1 warning][39m[22m
        ./node_modules/css-loader/dist/cjs.js!./node_modules/sass-loader/dist/cjs.js![1m./src/js/AdminView1/PageView/InvoiceView/AdminView.css[39m[22m 5.02 KiB [1m[33m[built][39m[22m [1m[33m[code generated][39m[22m [1m[33m[1 warning][39m[22m
    [1m./src/js/index.js + 1328 modules[39m[22m 12.2 MiB [1m[33m[built][39m[22m [1m[33m[code generated][39m[22m
    [1m./src/js/AdminView1/PageView/ItemView/ItemInformationVIew.js[39m[22m 39 bytes [1m[33m[built][39m[22m [1m[33m[code generated][39m[22m [1m[31m[1 error][39m[22m

[1m[33mWARNING[39m[22m in [1m./node_modules/react-toastify/dist/ReactToastify.css[39m[22m (./node_modules/css-loader/dist/cjs.js!./node_modules/sass-loader/dist/cjs.js!./node_modules/react-toastify/dist/ReactToastify.css)
[1mModule Warning (from ./node_modules/sass-loader/dist/cjs.js):
Deprecation The legacy JS API is [1m[33mdeprecated[39m[22m[1m and will be removed in Dart Sass 2.0.0.

More info: https://sass-lang.com/d/legacy-js-api[39m[22m
 @ ./node_modules/react-toastify/dist/ReactToastify.css 8:6-127 22:17-24 26:0-97 26:0-97 27:22-29 27:33-47 27:50-64
 @ ./src/js/App.js 108:0-42
 @ ./src/js/index.js 3:0-24 11:36-39

[1m[33mWARNING[39m[22m in [1m./src/js/AdminView1/PageView/Chartview.css[39m[22m (./node_modules/css-loader/dist/cjs.js!./node_modules/sass-loader/dist/cjs.js!./src/js/AdminView1/PageView/Chartview.css)
[1mModule Warning (from ./node_modules/sass-loader/dist/cjs.js):
Deprecation The legacy JS API is [1m[33mdeprecated[39m[22m[1m and will be removed in Dart Sass 2.0.0.

More info: https://sass-lang.com/d/legacy-js-api[39m[22m
 @ ./src/js/AdminView1/PageView/Chartview.css 8:6-161 22:17-24 26:0-131 26:0-131 27:22-29 27:33-47 27:50-64
 @ ./src/js/AdminView1/CustomerViewAdmin.js 19:0-34
 @ ./src/js/App.js 8:0-63 144:46-63
 @ ./src/js/index.js 3:0-24 11:36-39

[1m[33mWARNING[39m[22m in [1m./src/js/AdminView1/PageView/InvoiceView/AdminView.css[39m[22m (./node_modules/css-loader/dist/cjs.js!./node_modules/sass-loader/dist/cjs.js!./src/js/AdminView1/PageView/InvoiceView/AdminView.css)
[1mModule Warning (from ./node_modules/sass-loader/dist/cjs.js):
Deprecation The legacy JS API is [1m[33mdeprecated[39m[22m[1m and will be removed in Dart Sass 2.0.0.

More info: https://sass-lang.com/d/legacy-js-api[39m[22m
 @ ./src/js/AdminView1/PageView/InvoiceView/AdminView.css 8:6-167 22:17-24 26:0-137 26:0-137 27:22-29 27:33-47 27:50-64
 @ ./src/js/AdminView1/PageView/EstimateView/EstimateViewAdminAll.js 17:0-38
 @ ./src/js/App.js 20:0-91 192:46-66
 @ ./src/js/index.js 3:0-24 11:36-39

[1m[33mWARNING[39m[22m in [1m./src/js/AdminView1/view.css[39m[22m (./node_modules/css-loader/dist/cjs.js!./node_modules/sass-loader/dist/cjs.js!./src/js/AdminView1/view.css)
[1mModule Warning (from ./node_modules/sass-loader/dist/cjs.js):
Deprecation The legacy JS API is [1m[33mdeprecated[39m[22m[1m and will be removed in Dart Sass 2.0.0.

More info: https://sass-lang.com/d/legacy-js-api[39m[22m
 @ ./src/js/AdminView1/view.css 8:6-150 22:17-24 26:0-120 26:0-120 27:22-29 27:33-47 27:50-64
 @ ./src/js/AdminView1/CustomerViewAdmin.js 15:0-20
 @ ./src/js/App.js 8:0-63 144:46-63
 @ ./src/js/index.js 3:0-24 11:36-39

[1m[33mWARNING[39m[22m in [1m./src/js/css/Home.css[39m[22m (./node_modules/css-loader/dist/cjs.js!./node_modules/sass-loader/dist/cjs.js!./src/js/css/Home.css)
[1mModule Warning (from ./node_modules/sass-loader/dist/cjs.js):
Deprecation The legacy JS API is [1m[33mdeprecated[39m[22m[1m and will be removed in Dart Sass 2.0.0.

More info: https://sass-lang.com/d/legacy-js-api[39m[22m
 @ ./src/js/css/Home.css 8:6-150 22:17-24 26:0-120 26:0-120 27:22-29 27:33-47 27:50-64
 @ ./src/js/Home.js 2:0-24
 @ ./src/js/App.js 6:0-26 450:46-50
 @ ./src/js/index.js 3:0-24 11:36-39

[1m[33mWARNING[39m[22m in [1m./src/js/css/LoadingView.css[39m[22m (./node_modules/css-loader/dist/cjs.js!./node_modules/sass-loader/dist/cjs.js!./src/js/css/LoadingView.css)
[1mModule Warning (from ./node_modules/sass-loader/dist/cjs.js):
Deprecation The legacy JS API is [1m[33mdeprecated[39m[22m[1m and will be removed in Dart Sass 2.0.0.

More info: https://sass-lang.com/d/legacy-js-api[39m[22m
 @ ./src/js/css/LoadingView.css 8:6-157 22:17-24 26:0-127 26:0-127 27:22-29 27:33-47 27:50-64
 @ ./src/js/component/LoadingView.js 3:0-32
 @ ./src/js/Loginemployee.js 12:0-50 73:52-63 73:174-185
 @ ./src/js/App.js 5:0-44 136:46-59
 @ ./src/js/index.js 3:0-24 11:36-39

[1m[33mWARNING[39m[22m in [1m./src/js/css/Login.css[39m[22m (./node_modules/css-loader/dist/cjs.js!./node_modules/sass-loader/dist/cjs.js!./src/js/css/Login.css)
[1mModule Warning (from ./node_modules/sass-loader/dist/cjs.js):
Deprecation The legacy JS API is [1m[33mdeprecated[39m[22m[1m and will be removed in Dart Sass 2.0.0.

More info: https://sass-lang.com/d/legacy-js-api[39m[22m
 @ ./src/js/css/Login.css 8:6-151 22:17-24 26:0-121 26:0-121 27:22-29 27:33-47 27:50-64
 @ ./src/js/Loginemployee.js 6:0-25
 @ ./src/js/App.js 5:0-44 136:46-59
 @ ./src/js/index.js 3:0-24 11:36-39

[1m[33mWARNING[39m[22m in [1m./src/js/css/Side.css[39m[22m (./node_modules/css-loader/dist/cjs.js!./node_modules/sass-loader/dist/cjs.js!./src/js/css/Side.css)
[1mModule Warning (from ./node_modules/sass-loader/dist/cjs.js):
Deprecation The legacy JS API is [1m[33mdeprecated[39m[22m[1m and will be removed in Dart Sass 2.0.0.

More info: https://sass-lang.com/d/legacy-js-api[39m[22m
 @ ./src/js/css/Side.css 8:6-150 22:17-24 26:0-120 26:0-120 27:22-29 27:33-47 27:50-64
 @ ./src/js/App.js 3:0-28
 @ ./src/js/index.js 3:0-24 11:36-39

[1m[33mWARNING[39m[22m in [1m./src/js/css/SidebarNew.scss[39m[22m (./node_modules/css-loader/dist/cjs.js!./node_modules/sass-loader/dist/cjs.js!./src/js/css/SidebarNew.scss)
[1mModule Warning (from ./node_modules/sass-loader/dist/cjs.js):
Deprecation The legacy JS API is [1m[33mdeprecated[39m[22m[1m and will be removed in Dart Sass 2.0.0.

More info: https://sass-lang.com/d/legacy-js-api[39m[22m
 @ ./src/js/css/SidebarNew.scss 8:6-157 22:17-24 26:0-127 26:0-127 27:22-29 27:33-47 27:50-64
 @ ./src/js/component/SidebarDash.js 4:0-32
 @ ./src/js/AdminView1/CustomerViewAdmin.js 16:0-51 720:38-49
 @ ./src/js/App.js 8:0-63 144:46-63
 @ ./src/js/index.js 3:0-24 11:36-39

[1m[33mWARNING[39m[22m in [1m./src/js/css/loading.css[39m[22m (./node_modules/css-loader/dist/cjs.js!./node_modules/sass-loader/dist/cjs.js!./src/js/css/loading.css)
[1mModule Warning (from ./node_modules/sass-loader/dist/cjs.js):
Deprecation The legacy JS API is [1m[33mdeprecated[39m[22m[1m and will be removed in Dart Sass 2.0.0.

More info: https://sass-lang.com/d/legacy-js-api[39m[22m
 @ ./src/js/css/loading.css 8:6-153 22:17-24 26:0-123 26:0-123 27:22-29 27:33-47 27:50-64
 @ ./src/js/component/Loader.js 2:0-28
 @ ./src/js/AdminView1/CustomerViewAdmin.js 43:0-41 739:38-44 921:48-54 954:94-100
 @ ./src/js/App.js 8:0-63 144:46-63
 @ ./src/js/index.js 3:0-24 11:36-39

[1m[31mERROR[39m[22m in [1m./src/js/AdminView1/PageView/ItemView/ItemInformationVIew.js[39m[22m
Module build failed (from ./node_modules/babel-loader/lib/index.js):
SyntaxError: C:\Users\GG\.gemini\antigravity\playground\ancient-kepler\src\js\AdminView1\PageView\ItemView\ItemInformationVIew.js: Identifier 'loadingData' has already been declared. (333:9)

[0m [90m 331 |[39m
 [90m 332 |[39m   [36mconst[39m [itemData[33m,[39m setItemData] [33m=[39m useState([36mnull[39m)[33m;[39m
[31m[1m>[22m[39m[90m 333 |[39m   [36mconst[39m [loadingData[33m,[39m setLoadingData] [33m=[39m useState([36mtrue[39m)[33m;[39m
 [90m     |[39m          [31m[1m^[22m[39m
 [90m 334 |[39m   [36mconst[39m handleLogout [33m=[39m () [33m=>[39m {
 [90m 335 |[39m     localStorage[33m.[39mremoveItem([32m'user'[39m)[33m;[39m
 [90m 336 |[39m     dispatch(logOut())[33m;[39m[0m
    at constructor (C:\Users\GG\.gemini\antigravity\playground\ancient-kepler\node_modules\@babel\parser\lib\index.js:360:19)
    at JSXParserMixin.raise (C:\Users\GG\.gemini\antigravity\playground\ancient-kepler\node_modules\@babel\parser\lib\index.js:3338:19)
    at ScopeHandler.checkRedeclarationInScope (C:\Users\GG\.gemini\antigravity\playground\ancient-kepler\node_modules\@babel\parser\lib\index.js:1566:19)
    at ScopeHandler.declareName (C:\Users\GG\.gemini\antigravity\playground\ancient-kepler\node_modules\@babel\parser\lib\index.js:1532:12)
    at JSXParserMixin.declareNameFromIdentifier (C:\Users\GG\.gemini\antigravity\playground\ancient-kepler\node_modules\@babel\parser\lib\index.js:7494:16)
    at JSXParserMixin.checkIdentifier (C:\Users\GG\.gemini\antigravity\playground\ancient-kepler\node_modules\@babel\parser\lib\index.js:7490:12)
    at JSXParserMixin.checkLVal (C:\Users\GG\.gemini\antigravity\playground\ancient-kepler\node_modules\@babel\parser\lib\index.js:7431:12)
    at JSXParserMixin.checkLVal (C:\Users\GG\.gemini\antigravity\playground\ancient-kepler\node_modules\@babel\parser\lib\index.js:7467:16)
    at JSXParserMixin.parseVarId (C:\Users\GG\.gemini\antigravity\playground\ancient-kepler\node_modules\@babel\parser\lib\index.js:13072:10)
    at JSXParserMixin.parseVar (C:\Users\GG\.gemini\antigravity\playground\ancient-kepler\node_modules\@babel\parser\lib\index.js:13047:12)
    at JSXParserMixin.parseVarStatement (C:\Users\GG\.gemini\antigravity\playground\ancient-kepler\node_modules\@babel\parser\lib\index.js:12894:10)
    at JSXParserMixin.parseStatementContent (C:\Users\GG\.gemini\antigravity\playground\ancient-kepler\node_modules\@babel\parser\lib\index.js:12515:23)
    at JSXParserMixin.parseStatementLike (C:\Users\GG\.gemini\antigravity\playground\ancient-kepler\node_modules\@babel\parser\lib\index.js:12432:17)
    at JSXParserMixin.parseStatementListItem (C:\Users\GG\.gemini\antigravity\playground\ancient-kepler\node_modules\@babel\parser\lib\index.js:12412:17)
    at JSXParserMixin.parseBlockOrModuleBlockBody (C:\Users\GG\.gemini\antigravity\playground\ancient-kepler\node_modules\@babel\parser\lib\index.js:12980:61)
    at JSXParserMixin.parseBlockBody (C:\Users\GG\.gemini\antigravity\playground\ancient-kepler\node_modules\@babel\parser\lib\index.js:12973:10)
    at JSXParserMixin.parseBlock (C:\Users\GG\.gemini\antigravity\playground\ancient-kepler\node_modules\@babel\parser\lib\index.js:12961:10)
    at JSXParserMixin.parseFunctionBody (C:\Users\GG\.gemini\antigravity\playground\ancient-kepler\node_modules\@babel\parser\lib\index.js:11810:24)
    at JSXParserMixin.parseFunctionBodyAndFinish (C:\Users\GG\.gemini\antigravity\playground\ancient-kepler\node_modules\@babel\parser\lib\index.js:11796:10)
    at C:\Users\GG\.gemini\antigravity\playground\ancient-kepler\node_modules\@babel\parser\lib\index.js:13105:12
    at JSXParserMixin.withSmartMixTopicForbiddingContext (C:\Users\GG\.gemini\antigravity\playground\ancient-kepler\node_modules\@babel\parser\lib\index.js:12103:14)
    at JSXParserMixin.parseFunction (C:\Users\GG\.gemini\antigravity\playground\ancient-kepler\node_modules\@babel\parser\lib\index.js:13104:10)
    at JSXParserMixin.parseFunctionStatement (C:\Users\GG\.gemini\antigravity\playground\ancient-kepler\node_modules\@babel\parser\lib\index.js:12789:17)
    at JSXParserMixin.parseStatementContent (C:\Users\GG\.gemini\antigravity\playground\ancient-kepler\node_modules\@babel\parser\lib\index.js:12456:21)
    at JSXParserMixin.parseStatementLike (C:\Users\GG\.gemini\antigravity\playground\ancient-kepler\node_modules\@babel\parser\lib\index.js:12432:17)
    at JSXParserMixin.parseModuleItem (C:\Users\GG\.gemini\antigravity\playground\ancient-kepler\node_modules\@babel\parser\lib\index.js:12409:17)
    at JSXParserMixin.parseBlockOrModuleBlockBody (C:\Users\GG\.gemini\antigravity\playground\ancient-kepler\node_modules\@babel\parser\lib\index.js:12980:36)
    at JSXParserMixin.parseBlockBody (C:\Users\GG\.gemini\antigravity\playground\ancient-kepler\node_modules\@babel\parser\lib\index.js:12973:10)
    at JSXParserMixin.parseProgram (C:\Users\GG\.gemini\antigravity\playground\ancient-kepler\node_modules\@babel\parser\lib\index.js:12306:10)
    at JSXParserMixin.parseTopLevel (C:\Users\GG\.gemini\antigravity\playground\ancient-kepler\node_modules\@babel\parser\lib\index.js:12296:25)
    at JSXParserMixin.parse (C:\Users\GG\.gemini\antigravity\playground\ancient-kepler\node_modules\@babel\parser\lib\index.js:14152:10)
    at parse (C:\Users\GG\.gemini\antigravity\playground\ancient-kepler\node_modules\@babel\parser\lib\index.js:14186:38)
    at parser (C:\Users\GG\.gemini\antigravity\playground\ancient-kepler\node_modules\@babel\core\lib\parser\index.js:41:34)
    at parser.next (<anonymous>)
    at normalizeFile (C:\Users\GG\.gemini\antigravity\playground\ancient-kepler\node_modules\@babel\core\lib\transformation\normalize-file.js:64:37)
    at normalizeFile.next (<anonymous>)
    at run (C:\Users\GG\.gemini\antigravity\playground\ancient-kepler\node_modules\@babel\core\lib\transformation\index.js:22:50)
    at run.next (<anonymous>)
    at transform (C:\Users\GG\.gemini\antigravity\playground\ancient-kepler\node_modules\@babel\core\lib\transform.js:22:33)
    at transform.next (<anonymous>)
    at step (C:\Users\GG\.gemini\antigravity\playground\ancient-kepler\node_modules\gensync\index.js:261:32)
    at C:\Users\GG\.gemini\antigravity\playground\ancient-kepler\node_modules\gensync\index.js:273:13
    at async.call.result.err.err (C:\Users\GG\.gemini\antigravity\playground\ancient-kepler\node_modules\gensync\index.js:223:11)
 @ ./src/js/App.js 22:0-85 165:46-65
 @ ./src/js/index.js 3:0-24 11:36-39

webpack 5.98.0 compiled with [1m[31m1 error[39m[22m and [1m[33m10 warnings[39m[22m in 210810 ms
